bob	coffee	3.5	3.5	3.5	1	3.5	3.5
bob	donut	2.8	1.5	1.15	3	0.45	0.8
alice	cookie	1.4	0.8	0.7	2	0.6	0.8
alice	tea	3.49	1.99	1.745	2	1.5	1.99
bob	cofee	2.05	2.05	2.05	1	2.05	2.05
