alice,smith,1.5,34567
bob,jones,30.64,23456
alice,jones,500.93,67890
bob,smith,50.23,12345
